// Jest Snapshot v1, https://goo.gl/fbAQLP

exports[`Filters Screen renders correctly 1`] = `
<View
  style={
    Object {
      "flex": 1,
    }
  }
>
  <RNCSafeAreaProvider
    onInsetsChange={[Function]}
    style={
      Array [
        Object {
          "flex": 1,
        },
        undefined,
      ]
    }
  >
    <View
      style={
        Array [
          Object {
            "backgroundColor": "rgb(242, 242, 242)",
            "flex": 1,
          },
          undefined,
        ]
      }
    >
      <View
        collapsable={false}
        pointerEvents="box-none"
        style={
          Object {
            "zIndex": 1,
          }
        }
      >
        <View
          accessibilityElementsHidden={false}
          importantForAccessibility="auto"
          onLayout={[Function]}
          pointerEvents="box-none"
          style={null}
        >
          <View
            collapsable={false}
            pointerEvents="box-none"
            style={
              Object {
                "bottom": 0,
                "left": 0,
                "opacity": 1,
                "position": "absolute",
                "right": 0,
                "top": 0,
                "zIndex": 0,
              }
            }
          >
            <View
              collapsable={false}
              style={
                Object {
                  "backgroundColor": "rgb(255, 255, 255)",
                  "borderBottomColor": "rgb(216, 216, 216)",
                  "flex": 1,
                  "shadowColor": "rgb(216, 216, 216)",
                  "shadowOffset": Object {
                    "height": 0.5,
                    "width": 0,
                  },
                  "shadowOpacity": 0.85,
                  "shadowRadius": 0,
                }
              }
            />
          </View>
          <View
            collapsable={false}
            pointerEvents="box-none"
            style={
              Object {
                "height": 44,
                "maxHeight": undefined,
                "minHeight": undefined,
                "opacity": undefined,
                "transform": undefined,
              }
            }
          >
            <View
              pointerEvents="none"
              style={
                Object {
                  "height": 0,
                }
              }
            />
            <View
              pointerEvents="box-none"
              style={
                Object {
                  "alignItems": "stretch",
                  "flex": 1,
                  "flexDirection": "row",
                }
              }
            >
              <View
                collapsable={false}
                pointerEvents="box-none"
                style={
                  Object {
                    "alignItems": "flex-start",
                    "flexBasis": 0,
                    "flexGrow": 1,
                    "justifyContent": "center",
                    "marginStart": 0,
                    "opacity": 1,
                  }
                }
              />
              <View
                collapsable={false}
                pointerEvents="box-none"
                style={
                  Object {
                    "justifyContent": "center",
                    "marginHorizontal": 16,
                    "maxWidth": 718,
                    "opacity": 1,
                  }
                }
              >
                <Text
                  accessibilityRole="header"
                  aria-level="1"
                  collapsable={false}
                  numberOfLines={1}
                  onLayout={[Function]}
                  style={
                    Object {
                      "color": "rgb(28, 28, 30)",
                      "fontSize": 17,
                      "fontWeight": "600",
                    }
                  }
                >
                  MockScreen
                </Text>
              </View>
              <View
                collapsable={false}
                pointerEvents="box-none"
                style={
                  Object {
                    "alignItems": "flex-end",
                    "flexBasis": 0,
                    "flexGrow": 1,
                    "justifyContent": "center",
                    "marginEnd": 0,
                    "opacity": 1,
                  }
                }
              />
            </View>
          </View>
        </View>
      </View>
      <RNSScreenContainer
        onLayout={[Function]}
        style={
          Object {
            "flex": 1,
          }
        }
      >
        <RNSScreen
          activityState={2}
          collapsable={false}
          forwardedRef={[Function]}
          pointerEvents="box-none"
          style={
            Object {
              "bottom": 0,
              "left": 0,
              "position": "absolute",
              "right": 0,
              "top": 0,
            }
          }
        >
          <View
            collapsable={false}
            style={
              Object {
                "opacity": 1,
              }
            }
          />
          <View
            accessibilityElementsHidden={false}
            closing={false}
            gestureVelocityImpact={0.3}
            importantForAccessibility="auto"
            onClose={[Function]}
            onGestureBegin={[Function]}
            onGestureCanceled={[Function]}
            onGestureEnd={[Function]}
            onOpen={[Function]}
            onTransition={[Function]}
            pointerEvents="box-none"
            style={
              Array [
                Object {
                  "display": "flex",
                  "overflow": undefined,
                },
                Object {
                  "bottom": 0,
                  "left": 0,
                  "position": "absolute",
                  "right": 0,
                  "top": 0,
                },
              ]
            }
            transitionSpec={
              Object {
                "close": Object {
                  "animation": "spring",
                  "config": Object {
                    "damping": 500,
                    "mass": 3,
                    "overshootClamping": true,
                    "restDisplacementThreshold": 10,
                    "restSpeedThreshold": 10,
                    "stiffness": 1000,
                  },
                },
                "open": Object {
                  "animation": "spring",
                  "config": Object {
                    "damping": 500,
                    "mass": 3,
                    "overshootClamping": true,
                    "restDisplacementThreshold": 10,
                    "restSpeedThreshold": 10,
                    "stiffness": 1000,
                  },
                },
              }
            }
          >
            <View
              collapsable={false}
              pointerEvents="box-none"
              style={
                Object {
                  "flex": 1,
                }
              }
            >
              <View
                collapsable={false}
                forwardedRef={[Function]}
                handlerTag={1}
                handlerType="PanGestureHandler"
                needsOffscreenAlphaCompositing={false}
                onGestureHandlerEvent={[Function]}
                onGestureHandlerStateChange={[Function]}
                style={
                  Object {
                    "flex": 1,
                    "transform": Array [
                      Object {
                        "translateX": 0,
                      },
                      Object {
                        "translateX": 0,
                      },
                    ],
                  }
                }
              >
                <View
                  style={
                    Array [
                      Object {
                        "flex": 1,
                        "overflow": "hidden",
                      },
                      Array [
                        Object {
                          "backgroundColor": "rgb(242, 242, 242)",
                        },
                        undefined,
                      ],
                    ]
                  }
                >
                  <View
                    style={
                      Object {
                        "flex": 1,
                        "flexDirection": "column-reverse",
                      }
                    }
                  >
                    <View
                      style={
                        Object {
                          "flex": 1,
                        }
                      }
                    >
                      <View
                        style={
                          Array [
                            Object {
                              "backgroundColor": "#fff",
                            },
                            Object {
                              "flex": 1,
                              "flexDirection": "column",
                              "justifyContent": "space-between",
                              "padding": 16,
                            },
                          ]
                        }
                        testID="customView"
                      >
                        <View>
                          <View
                            style={
                              Object {
                                "flexDirection": "row",
                                "justifyContent": "space-between",
                                "width": "100%",
                              }
                            }
                          >
                            <View
                              style={
                                Object {
                                  "marginVertical": 12,
                                  "width": 335,
                                }
                              }
                            >
                              <View
                                pointerEvents="none"
                                style={
                                  Array [
                                    Object {
                                      "alignItems": "center",
                                      "flexDirection": "row",
                                    },
                                    Object {
                                      "zIndex": 1,
                                    },
                                  ]
                                }
                              >
                                <View
                                  style={
                                    Object {
                                      "backgroundColor": "#fff",
                                      "borderRadius": 8,
                                      "left": 0,
                                      "marginLeft": 6,
                                      "paddingHorizontal": 6,
                                      "position": "absolute",
                                      "top": -8,
                                      "zIndex": 20,
                                    }
                                  }
                                >
                                  <Text
                                    style={
                                      Array [
                                        Object {
                                          "color": "#000",
                                        },
                                        Object {
                                          "color": "#414d5b",
                                          "fontSize": 12,
                                        },
                                        Object {
                                          "fontFamily": "space-mono",
                                        },
                                      ]
                                    }
                                    testID="inputName"
                                  >
                                    Owner
                                  </Text>
                                </View>
                              </View>
                              <TextInput
                                autoCapitalize="none"
                                name="Owner"
                                onBlur={[Function]}
                                onChangeText={[Function]}
                                onFocus={[Function]}
                                placeholderTextColor="#aab2ba"
                                returnKeyType="done"
                                style={
                                  Array [
                                    Object {
                                      "borderRadius": 6,
                                      "borderWidth": 1,
                                      "height": 42,
                                      "paddingLeft": 13,
                                      "paddingRight": 25,
                                      "width": "100%",
                                    },
                                    Object {
                                      "borderColor": "#aab2ba",
                                    },
                                    undefined,
                                  ]
                                }
                                testID="ownerInput"
                                value="facebook"
                              />
                            </View>
                            <Text
                              style={
                                Array [
                                  Object {
                                    "color": "#000",
                                  },
                                  Object {
                                    "color": "#aab2ba",
                                    "fontSize": 20,
                                    "marginTop": 20,
                                  },
                                  Object {
                                    "fontFamily": "space-mono",
                                  },
                                ]
                              }
                              testID="textValue"
                            >
                              /
                            </Text>
                            <View
                              style={
                                Object {
                                  "marginVertical": 12,
                                  "width": 335,
                                }
                              }
                            >
                              <View
                                pointerEvents="none"
                                style={
                                  Array [
                                    Object {
                                      "alignItems": "center",
                                      "flexDirection": "row",
                                    },
                                    Object {
                                      "zIndex": 1,
                                    },
                                  ]
                                }
                              >
                                <View
                                  style={
                                    Object {
                                      "backgroundColor": "#fff",
                                      "borderRadius": 8,
                                      "left": 0,
                                      "marginLeft": 6,
                                      "paddingHorizontal": 6,
                                      "position": "absolute",
                                      "top": -8,
                                      "zIndex": 20,
                                    }
                                  }
                                >
                                  <Text
                                    style={
                                      Array [
                                        Object {
                                          "color": "#000",
                                        },
                                        Object {
                                          "color": "#414d5b",
                                          "fontSize": 12,
                                        },
                                        Object {
                                          "fontFamily": "space-mono",
                                        },
                                      ]
                                    }
                                    testID="inputName"
                                  >
                                    Repository
                                  </Text>
                                </View>
                              </View>
                              <TextInput
                                autoCapitalize="none"
                                name="Repository"
                                onBlur={[Function]}
                                onChangeText={[Function]}
                                onFocus={[Function]}
                                placeholderTextColor="#aab2ba"
                                returnKeyType="done"
                                style={
                                  Array [
                                    Object {
                                      "borderRadius": 6,
                                      "borderWidth": 1,
                                      "height": 42,
                                      "paddingLeft": 13,
                                      "paddingRight": 25,
                                      "width": "100%",
                                    },
                                    Object {
                                      "borderColor": "#aab2ba",
                                    },
                                    undefined,
                                  ]
                                }
                                testID="repoInput"
                                value="react-native"
                              />
                            </View>
                          </View>
                          <Text
                            style={
                              Array [
                                Object {
                                  "color": "#000",
                                },
                                undefined,
                                Object {
                                  "fontFamily": "space-mono",
                                },
                              ]
                            }
                            testID="textValue"
                          >
                            Filters:
                          </Text>
                          <View
                            accessible={true}
                            collapsable={false}
                            focusable={true}
                            onClick={[Function]}
                            onResponderGrant={[Function]}
                            onResponderMove={[Function]}
                            onResponderRelease={[Function]}
                            onResponderTerminate={[Function]}
                            onResponderTerminationRequest={[Function]}
                            onStartShouldSetResponder={[Function]}
                            style={
                              Object {
                                "alignItems": "center",
                                "borderColor": "#00aaff",
                                "borderRadius": 16,
                                "borderWidth": 1,
                                "flexDirection": "row",
                                "height": 42,
                                "marginVertical": 8,
                                "opacity": 1,
                                "paddingHorizontal": 16,
                                "paddingTop": 6,
                                "paddingVertical": 4,
                              }
                            }
                            testID="open"
                          >
                            <Text
                              style={
                                Array [
                                  Object {
                                    "color": "#000",
                                  },
                                  undefined,
                                  Object {
                                    "fontFamily": "space-mono",
                                  },
                                ]
                              }
                              testID="textValue"
                            >
                              Open
                               issues
                            </Text>
                          </View>
                          <View
                            accessible={true}
                            collapsable={false}
                            focusable={true}
                            onClick={[Function]}
                            onResponderGrant={[Function]}
                            onResponderMove={[Function]}
                            onResponderRelease={[Function]}
                            onResponderTerminate={[Function]}
                            onResponderTerminationRequest={[Function]}
                            onStartShouldSetResponder={[Function]}
                            style={
                              Object {
                                "alignItems": "center",
                                "borderColor": "#00aaff",
                                "borderRadius": 16,
                                "borderWidth": 1,
                                "flexDirection": "row",
                                "height": 42,
                                "marginVertical": 8,
                                "opacity": 1,
                                "paddingHorizontal": 16,
                                "paddingTop": 6,
                                "paddingVertical": 4,
                              }
                            }
                            testID="closed"
                          >
                            <Text
                              style={
                                Array [
                                  Object {
                                    "color": "#000",
                                  },
                                  undefined,
                                  Object {
                                    "fontFamily": "space-mono",
                                  },
                                ]
                              }
                              testID="textValue"
                            >
                              Closed
                               issues
                            </Text>
                          </View>
                        </View>
                        <View
                          accessible={true}
                          collapsable={false}
                          focusable={true}
                          onClick={[Function]}
                          onResponderGrant={[Function]}
                          onResponderMove={[Function]}
                          onResponderRelease={[Function]}
                          onResponderTerminate={[Function]}
                          onResponderTerminationRequest={[Function]}
                          onStartShouldSetResponder={[Function]}
                          style={
                            Object {
                              "alignItems": "center",
                              "alignSelf": "center",
                              "backgroundColor": "transparent",
                              "borderColor": "#00aaff",
                              "borderRadius": 15,
                              "borderWidth": 1,
                              "flexDirection": "row",
                              "height": 42,
                              "justifyContent": "center",
                              "marginVertical": 8,
                              "minWidth": "100%",
                              "opacity": 1,
                              "width": 120,
                            }
                          }
                          testID="viewIssuesButton"
                        >
                          <Text
                            allowFontScaling={false}
                            selectable={false}
                            style={
                              Array [
                                Object {
                                  "color": "#00aaff",
                                  "fontSize": 20,
                                },
                                Object {
                                  "marginRight": 6,
                                },
                                Object {
                                  "fontFamily": "anticon",
                                  "fontStyle": "normal",
                                  "fontWeight": "normal",
                                },
                                Object {},
                              ]
                            }
                          >
                            
                          </Text>
                          <Text
                            style={
                              Array [
                                Object {
                                  "color": "#000",
                                },
                                Array [
                                  Object {
                                    "color": "#00aaff",
                                    "fontSize": 12,
                                    "letterSpacing": 0.8,
                                  },
                                  Object {},
                                ],
                                Object {
                                  "fontFamily": "space-mono",
                                },
                              ]
                            }
                            testID="textValue"
                          >
                            VIEW ISSUES
                          </Text>
                        </View>
                      </View>
                    </View>
                  </View>
                </View>
              </View>
            </View>
          </View>
        </RNSScreen>
      </RNSScreenContainer>
    </View>
  </RNCSafeAreaProvider>
</View>
`;
